[backblue.gif]
[fade.gif]
[index.html]
[turbulentlikablenonagon.loltmgjt.repl.co/gyat/cdn.jsdelivr.net/gh/ko1ov/jd83hf02ld65la32mdl4@4a19c5dcf5d4f1ccc368b030b9bf3e669a5b8bd2/firebase-app.js]
[turbulentlikablenonagon.loltmgjt.repl.co/gyat/cdn.jsdelivr.net/gh/ko1ov/jd83hf02ld65la32mdl4@4a19c5dcf5d4f1ccc368b030b9bf3e669a5b8bd2/firebase-analytics.js]
[turbulentlikablenonagon.loltmgjt.repl.co/gyat/cdn.jsdelivr.net/gh/ko1ov/jd83hf02ld65la32mdl4@4a19c5dcf5d4f1ccc368b030b9bf3e669a5b8bd2/firebase-auth.js]
[turbulentlikablenonagon.loltmgjt.repl.co/gyat/cdn.jsdelivr.net/gh/ko1ov/jd83hf02ld65la32mdl4@4a19c5dcf5d4f1ccc368b030b9bf3e669a5b8bd2/firebase-firestore.js]
[turbulentlikablenonagon.loltmgjt.repl.co/gyat/cdn.jsdelivr.net/gh/ko1ov/jd83hf02ld65la32mdl4@4a19c5dcf5d4f1ccc368b030b9bf3e669a5b8bd2/firebase-remote-config.js]
[turbulentlikablenonagon.loltmgjt.repl.co/gyat/cdn.jsdelivr.net/gh/ko1ov/jd83hf02ld65la32mdl4@94bc3be7dc697a43004f66ffae2a0205d74b941d/11/dependencyLoader.js]
[turbulentlikablenonagon.loltmgjt.repl.co/gyat/cdn.jsdelivr.net/gh/ko1ov/jd83hf02ld65la32mdl4@4a19c5dcf5d4f1ccc368b030b9bf3e669a5b8bd2/logo.png]
[turbulentlikablenonagon.loltmgjt.repl.co/gyat/s3.amazonaws.com/production-assetsbucket-8ljvyr1xczmb/addc4348-16c2-4645-9dff-f99b962e39ef/scr.js]
[turbulentlikablenonagon.loltmgjt.repl.co/gyat/images-opensocial.googleusercontent.com/gadgets/ifrc7df.html]
[turbulentlikablenonagon.loltmgjt.repl.co/gyat/images-opensocial.googleusercontent.com/gadgets/get.html]
[turbulentlikablenonagon.loltmgjt.repl.co/gyat/cdn.jsdelivr.net/gh/ko1ov/jd83hf02ld65la32mdl4@4a19c5dcf5d4f1ccc368b030b9bf3e669a5b8bd2/style.css]
