[backblue.gif]
[fade.gif]
[index.html]
[ghub.add188.repl.co/games/1v1lol/lib/jquery.min.js]
[ghub.add188.repl.co/games/1v1lol/js/IronSourceRV.js]
[ghub.add188.repl.co/games/1v1lol/js/mobileRedirect.js]
[ghub.add188.repl.co/games/1v1lol/js/fullscreen.js]
[ghub.add188.repl.co/games/1v1lol/favicon1b26.png]
[ghub.add188.repl.co/games/1v1lol/js/sdkloader/ima3.js]
[ghub.add188.repl.co/games/1v1lol/js/cpmstar.js]
[ghub.add188.repl.co/games/1v1lol/logo.png]
[ghub.add188.repl.co/games/1v1lol/UnityLoader.js]
[ghub.add188.repl.co/games/1v1lol/firebase/firebase-app.js]
[ghub.add188.repl.co/games/1v1lol/firebase/firebase-analytics.js]
[ghub.add188.repl.co/games/1v1lol/firebase/firebase-auth.js]
[ghub.add188.repl.co/games/1v1lol/firebase/firebase-firestore.js]
[ghub.add188.repl.co/games/1v1lol/firebase/firebase-remote-config.js]
[ghub.add188.repl.co/games/1v1lol/js/firebase70ed.js]
[ghub.add188.repl.co/games/1v1lol/js/login70ed.js]
[ghub.add188.repl.co/games/1v1lol/js/firebase-config70ed.js]
[ghub.add188.repl.co/games/1v1lol/js/windowResize.js]
[ghub.add188.repl.co/games/1v1lol/js/adblockManager.js]
[ghub.add188.repl.co/games/1v1lol/js/macUserAgent.js]
[ghub.add188.repl.co/games/1v1lol/js/visibilityChangeListener.js]
[ghub.add188.repl.co/games/1v1lol/index.html]
[ghub.add188.repl.co/games/1v1lol/js/googleAnalytics.html]
[ghub.add188.repl.co/games/1v1lol/css/style.css]
[ghub.add188.repl.co/js/main.html]
